07-09 20:38:07.903   520   679 V WifiClientModeImpl: 	at com.android.server.wifi.ClientModeImpl.stopIpClient(ClientModeImpl.java:1070)
07-09 20:38:07.903   520   679 V WifiClientModeImpl: 	at com.android.server.wifi.ClientModeImpl.stopDhcpSetup(ClientModeImpl.java:1085)
07-09 20:38:07.903   520   679 V WifiClientModeImpl: 	at com.android.server.wifi.ClientModeImpl.startIpClient(ClientModeImpl.java:6533)
07-09 20:38:07.903   520   679 V WifiClientModeImpl: 	at com.android.server.wifi.ClientModeImpl.access$6800(ClientModeImpl.java:163)
07-09 20:38:07.903   520   679 V WifiClientModeImpl: 	at com.android.server.wifi.ClientModeImpl$ObtainingIpState.enter(ClientModeImpl.java:5131)
07-09 20:38:07.903   520   679 V WifiClientModeImpl: 	at com.android.wifi.x.com.android.internal.util.StateMachine$SmHandler.invokeEnterMethods(StateMachine.java:1037)
07-09 20:38:07.903   520   679 V WifiClientModeImpl: 	at com.android.wifi.x.com.android.internal.util.StateMachine$SmHandler.performTransitions(StateMachine.java:879)
07-09 20:38:07.903   520   679 V WifiClientModeImpl: 	at com.android.wifi.x.com.android.internal.util.StateMachine$SmHandler.handleMessage(StateMachine.java:819)
07-09 20:38:07.903   520   679 V WifiClientModeImpl: 	at android.os.Handler.dispatchMessage(Handler.java:106)
07-09 20:38:07.903   520   679 V WifiClientModeImpl: 	at android.os.Looper.loop(Looper.java:223)
07-09 20:38:07.903   520   679 V WifiClientModeImpl: 	at android.os.HandlerThread.run(HandlerThread.java:67)
07-09 20:38:07.903  1246 10751 I NearbyDiscovery: FastPairHandler: Received action android.net.wifi.STATE_CHANGE [CONTEXT service_id=49 ]
07-09 20:38:07.909   520   685 D ConnectivityService: [105 WIFI] EVENT_NETWORK_INFO_CHANGED, going from UNKNOWN to UNKNOWN
07-09 20:38:07.909   520   685 D ConnectivityService: NetReassign [no changes]
07-09 20:38:07.910   308   914 E Netd    : no such netId 105
07-09 20:38:07.914  1055 10672 D DhcpClient: l2key: W175fc0a5d8e1cc5e lease address: /10.0.2.16 lease expiry: 1783682219420 current time: 1783597087914
07-09 20:38:07.915  1055 10672 D DhcpClient: Broadcasting DHCPREQUEST ciaddr=0.0.0.0 request=10.0.2.16 serverid=null
07-09 20:38:07.916  1055 10672 D DhcpClient: Received packet: 02:15:b2:00:00:00 ACK: your new IP /10.0.2.16, netmask /255.255.255.0, gateways [/10.0.2.2] DNS servers: /10.0.2.3 , lease time 86400
07-09 20:38:07.916  1055 10672 D DhcpClient: Confirmed lease: android.net.networkstack.DhcpResults@e412205 DHCP server /10.0.2.2 Vendor info null lease 86400 seconds Servername 
07-09 20:38:07.920  1055 10672 D DhcpClient: Scheduling renewal in 43199s
07-09 20:38:07.920  1055 10672 D DhcpClient: Scheduling rebind in 75599s
07-09 20:38:07.920  1055 10672 D DhcpClient: Scheduling expiry in 86399s
07-09 20:38:07.924  1246  1246 I GeofencerStateMachine: sendWifiConnectivityChanged: connectivity=true
07-09 20:38:07.925   520   679 W WifiScoreReport: Cannot start external scoring netId=105 currentNetId=105 sessionId=1053
07-09 20:38:07.926   520  3483 D WifiMemoryStoreImpl: Set cluster Gd6beff0690a0385a for W175fc0a5d8e1cc5e: SUCCESS
07-09 20:38:07.926  1246 10751 I NearbyDiscovery: FastPairHandler: Received action android.net.wifi.STATE_CHANGE [CONTEXT service_id=49 ]
07-09 20:38:07.932   520  2023 D WifiMemoryStoreImpl: Set cluster Gd6beff0690a0385a for Wd6beff0690a0385a: SUCCESS
07-09 20:38:07.947   308   914 E Netd    : no such netId 105
07-09 20:38:07.948   520   685 E ConnectivityService: Exception in networkAddRouteParcel for non-gateway: android.os.ServiceSpecificException: Machine is not on the network (code 64)
07-09 20:38:07.948   520   685 E ConnectivityService: Exception in networkAddRouteParcel for gateway: android.os.ServiceSpecificException: Machine is not on the network (code 64)
07-09 20:38:07.980   520   685 D ConnectivityService: Setting DNS servers for network 105 to [/10.0.2.3]
07-09 20:38:08.023   520   685 D ConnectivityService: [105 WIFI] EVENT_NETWORK_INFO_CHANGED, going from UNKNOWN to CONNECTED
07-09 20:38:08.023   520   685 D DnsManager: sendDnsConfigurationForNetwork(105, [10.0.2.3], [], 1800, 25, 8, 64, 0, 0, , [])
07-09 20:38:08.024   520   685 W DnsManager: updatePrivateDns(105, PrivateDnsConfig{true:/[]})
07-09 20:38:08.024   520   685 D ConnectivityService: Setting DNS servers for network 105 to [/10.0.2.3]
07-09 20:38:08.024   520   685 D DnsManager: sendDnsConfigurationForNetwork(105, [10.0.2.3], [], 1800, 25, 8, 64, 0, 0, , [10.0.2.3])
07-09 20:38:07.948   308   914 E Netd    : no such netId 105
07-09 20:38:08.024   308 11099 W resolv  : Validating DnsTlsServer on netId 105
07-09 20:38:08.024   520   685 D ConnectivityService: Adding iface wlan0 to network 105
07-09 20:38:08.024   308 11099 W resolv  : Validation failed
07-09 20:38:08.026   520   685 D ConnectivityService: Setting DNS servers for network 105 to [/10.0.2.3]
07-09 20:38:08.026   520   685 D DnsManager: sendDnsConfigurationForNetwork(105, [10.0.2.3], [], 1800, 25, 8, 64, 0, 0, , [10.0.2.3])
07-09 20:38:08.026   308 11100 W resolv  : Validating DnsTlsServer on netId 105
07-09 20:38:08.049   520   685 D ConnectivityService: NetReassign [no changes]
07-09 20:38:08.049   520   679 D WifiClientModeImpl: Received signal strength thresholds: []
07-09 20:38:08.050   520   679 E WifiVendorHal: stopRssiMonitoring(l.2078) failed {.code = ERROR_NOT_AVAILABLE, .description = }
07-09 20:38:08.468  1055 11103 D NetworkMonitor/105: PROBE_DNS connectivitycheck.gstatic.com 416ms OK 142.251.24.94
07-09 20:38:08.471  1055 11102 D NetworkMonitor/105: PROBE_DNS www.google.com 420ms OK 142.251.154.119,142.251.155.119,142.251.151.119,142.251.156.119,142.251.150.119,142.251.153.119,142.251.157.119,142.251.152.119
07-09 20:38:08.667   308   914 E Netd    : Error adding route ::/0 -> fe80::2 wlan0 to table 1012: File exists
07-09 20:38:09.286 10720 11096 W YouTubeMusic: Could not register for notifications with InnerTube: 
07-09 20:38:09.286 10720 11096 W YouTubeMusic: rff: java.util.concurrent.ExecutionException: qjl: Precondition check failed.
07-09 20:38:09.286 10720 11096 W YouTubeMusic: 	at rex.b(PG:18)
07-09 20:38:09.286 10720 11096 W YouTubeMusic: 	at uqp.f(PG:65)
07-09 20:38:09.286 10720 11096 W YouTubeMusic: 	at uqp.g(PG:134)
07-09 20:38:09.286 10720 11096 W YouTubeMusic: 	at uqp.b(PG:99)
07-09 20:38:09.286 10720 11096 W YouTubeMusic: 	at uqn.run(Unknown Source:1)
07-09 20:38:09.286 10720 11096 W YouTubeMusic: 	at java.util.concurrent.Executors$RunnableAdapter.call(Executors.java:462)
07-09 20:38:09.286 10720 11096 W YouTubeMusic: 	at java.util.concurrent.FutureTask.run(FutureTask.java:266)
07-09 20:38:09.286 10720 11096 W YouTubeMusic: 	at ywx.run(Unknown Source:1)
07-09 20:38:09.286 10720 11096 W YouTubeMusic: 	at java.util.concurrent.ThreadPoolExecutor.runWorker(ThreadPoolExecutor.java:1167)
07-09 20:38:09.286 10720 11096 W YouTubeMusic: 	at java.util.concurrent.ThreadPoolExecutor$Worker.run(ThreadPoolExecutor.java:641)
07-09 20:38:09.286 10720 11096 W YouTubeMusic: 	at pqt.run(PG:13)
07-09 20:38:09.286 10720 11096 W YouTubeMusic: 	at java.lang.Thread.run(Thread.java:923)
07-09 20:38:09.286 10720 11096 W YouTubeMusic: Caused by: java.util.concurrent.ExecutionException: qjl: Precondition check failed.
07-09 20:38:09.286 10720 11096 W YouTubeMusic: 	at zsp.a(PG:135)
07-09 20:38:09.286 10720 11096 W YouTubeMusic: 	at zsp.get(PG:91)
07-09 20:38:09.286 10720 11096 W YouTubeMusic: 	at rex.b(PG:17)
07-09 20:38:09.286 10720 11096 W YouTubeMusic: 	... 11 more
07-09 20:38:09.286 10720 11096 W YouTubeMusic: Caused by: qjl: Precondition check failed.
07-09 20:38:09.286 10720 11096 W YouTubeMusic: 	at rdu.b(PG:106)
07-09 20:38:09.286 10720 11096 W YouTubeMusic: 	at pyo.a(PG:61)
07-09 20:38:09.286 10720 11096 W YouTubeMusic: 	at pxo.run(Unknown Source:17)
07-09 20:38:09.286 10720 11096 W YouTubeMusic: 	... 4 more
07-09 20:38:09.286 10720 11096 W YouTubeMusic: Caused by: bjj
07-09 20:38:09.286 10720 11096 W YouTubeMusic: 	at pxo.run(Unknown Source:13)
07-09 20:38:09.286 10720 11096 W YouTubeMusic: 	... 4 more
07-09 20:38:09.467  1055 11103 D NetworkMonitor/105: PROBE_HTTP http://connectivitycheck.gstatic.com/generate_204 time=997ms ret=204 request={Connection=[close], User-Agent=[Mozilla/5.0 (X11; Linux x86_64) AppleWebKit/537.36 (KHTML, like Gecko) Chrome/60.0.3112.32 Safari/537.36]} headers={null=[HTTP/1.1 204 No Content], Connection=[close], Content-Length=[0], Cross-Origin-Resource-Policy=[cross-origin], Date=[Thu, 09 Jul 2026 11:38:10 GMT], X-Android-Received-Millis=[1783597089467], X-Android-Response-Source=[NETWORK 204], X-Android-Selected-Protocol=[http/1.1], X-Android-Sent-Millis=[1783597088967]}
07-09 20:38:09.536  1055 11102 D NetworkMonitor/105: PROBE_HTTPS https://www.google.com/generate_204 time=1065ms ret=204 request={Connection=[close], User-Agent=[Mozilla/5.0 (X11; Linux x86_64) AppleWebKit/537.36 (KHTML, like Gecko) Chrome/60.0.3112.32 Safari/537.36]} headers={null=[HTTP/1.1 204 No Content], Alt-Svc=[h3=":443"; ma=2592000,h3-29=":443"; ma=2592000], Connection=[close], Content-Length=[0], Cross-Origin-Resource-Policy=[cross-origin], Date=[Thu, 09 Jul 2026 11:38:10 GMT], X-Android-Received-Millis=[1783597089536], X-Android-Response-Source=[NETWORK 204], X-Android-Selected-Protocol=[http/1.1], X-Android-Sent-Millis=[1783597089468]}
07-09 20:38:09.538  1055 11101 D NetworkMonitor/105: isCaptivePortal: isSuccessful()=true isPortal()=false RedirectUrl=null isPartialConnectivity()=false Time=1487ms
07-09 20:38:09.538   520   566 W BroadcastQueue: Background execution not allowed: receiving Intent { act=android.net.conn.NETWORK_CONDITIONS_MEASURED flg=0x10 (has extras) } to com.google.android.gms/.chimera.GmsIntentOperationService$PersistentTrustedReceiver
07-09 20:38:09.538   520   685 D ConnectivityService: [105 WIFI] validation passed
07-09 20:38:09.539   520   685 D ConnectivityService: NetReassign [15 : 104 → 105, 9 : 104 → 105, 47 : 104 → 105, 27 : 104 → 105, 13 : 104 → 105, 11 : 104 → 105, 52 : 104 → 105, 50 : 104 → 105, 1 : 104 → 105, 38 : 104 → 105, 12 : 104 → 105]
07-09 20:38:09.550   520   685 D ConnectivityService: Switching to new default network: NetworkAgentInfo{ ni{[type: WIFI[], state: CONNECTED/CONNECTED, reason: (unspecified), extra: , failover: false, available: true, roaming: false]}  network{105}  nethandle{454377263117}  lp{{InterfaceName: wlan0 LinkAddresses: [ fe80::347e:9334:1985:ee18/64,10.0.2.16/24,fec0::954a:3bae:d21b:5ae1/64,fec0::f8e0:a632:9c2:dce3/64 ] DnsAddresses: [ /10.0.2.3 ] Domains: null MTU: 0 ServerAddress: /10.0.2.2 TcpBufferSizes: 524288,1048576,2097152,262144,524288,1048576 Routes: [ fe80::/64 -> :: wlan0 mtu 0,::/0 -> fe80::2 wlan0 mtu 0,fec0::/64 -> :: wlan0 mtu 0,10.0.2.0/24 -> 0.0.0.0 wlan0 mtu 0,0.0.0.0/0 -> 10.0.2.2 wlan0 mtu 0 ]}}  nc{[ Transports: WIFI Capabilities: NOT_METERED&INTERNET&NOT_RESTRICTED&TRUSTED&NOT_VPN&VALIDATED&NOT_ROAMING&FOREGROUND&NOT_CONGESTED&NOT_SUSPENDED LinkUpBandwidth>=37000Kbps LinkDnBandwidth>=37000Kbps SignalStrength: -50 OwnerUid: 1000 SSID: "AndroidWifi" RequestorUid: -1 RequestorPackageName: null]}  Score{60}  everValidated{true}  lastValidated{true}  created{true} lingering{false} explicitlySelected{false} acceptUnvalidated{false} everCaptivePortalDetected{false} lastCaptivePortalDetected{false} partialConnectivity{false} acceptPartialConnectivity{false} clat{mBaseIface: null, mIface: null, mState: IDLE} }
07-09 20:38:09.584   520  1050 D NetworkTimeUpdateService: New default network 105; checking time.
07-09 20:38:09.584   520   685 D ConnectivityService: Lingering [104 CELLULAR] for 30000ms
07-09 20:38:09.585   520   685 D ConnectivityService: Sending DISCONNECTED broadcast for type 0 [104 CELLULAR] isDefaultNetwork=true
07-09 20:38:09.585   520   685 D ConnectivityService: Sending CONNECTED broadcast for type 1 [105 WIFI] isDefaultNetwork=true
07-09 20:38:09.587   520   685 D ConnectivityService: Setting DNS servers for network 105 to [/10.0.2.3]
07-09 20:38:09.587  1647  1647 I DeviceStatusMonitor: DeviceStatusMonitor$1.onReceive():51 onReceive() : Action = android.net.conn.CONNECTIVITY_CHANGE
07-09 20:38:09.587   520   685 D DnsManager: sendDnsConfigurationForNetwork(105, [10.0.2.3], [], 1800, 25, 8, 64, 0, 0, , [10.0.2.3])
07-09 20:38:09.588   520   557 I GnssNetworkConnectivityHandler: updateNetworkState, state=CLOSED, connected=true, network=105, capabilities=[ Transports: WIFI Capabilities: NOT_METERED&INTERNET&NOT_RESTRICTED&TRUSTED&NOT_VPN&VALIDATED&NOT_ROAMING&FOREGROUND&NOT_CONGESTED&NOT_SUSPENDED LinkUpBandwidth>=37000Kbps LinkDnBandwidth>=37000Kbps SignalStrength: -50 OwnerUid: 1000 AdministratorUids: [] SSID: "AndroidWifi" RequestorUid: -1 RequestorPackageName: null], apn: , availableNetworkCount: 2
07-09 20:38:09.591  1246 10751 I NearbyDiscovery: FastPairHandler: Received action android.net.conn.CONNECTIVITY_CHANGE [CONTEXT service_id=49 ]
07-09 20:38:09.591   520   679 W LastMileLogger: Failed to stop event tracing: /sys/kernel/debug/tracing/instances/wifi/tracing_on: open failed: ENOENT (No such file or directory)
07-09 20:38:09.595  1647  1647 I DeviceStatusMonitor: DeviceStatusMonitor.notifyIfNetworkChanged():148 notifyIfNetworkChanged: newState = NON_METERED, airplaneModeOn = false, notifyAnyway = false
07-09 20:38:09.595  1647  1647 I DeviceStatusMonitor: DeviceStatusMonitor$1.onReceive():51 onReceive() : Action = android.net.conn.CONNECTIVITY_CHANGE
07-09 20:38:09.595  1647 10490 I NetworkInfoNotification: NetworkInfoNotification$Listener.onReceive():84 onNetworkAvailable: networkState = NON_METERED, isAirplaneModeOn = false
07-09 20:38:09.598   520  2023 D WifiMemoryStoreImpl: Set cluster Gd6beff0690a0385a for W175fc0a5d8e1cc5e: SUCCESS
07-09 20:38:09.599  1246 10751 I NearbyDiscovery: FastPairHandler: Received action android.net.conn.CONNECTIVITY_CHANGE [CONTEXT service_id=49 ]
07-09 20:38:09.601  3224  3284 I CarrierServices: [59] dji.a: FiST: Wifi connectivity status true
07-09 20:38:09.602  3224  3641 I CarrierServices: [90] drv.a: (PEv2-SM): DisabledState: event Connectivity event
07-09 20:38:09.602  3224  3284 I CarrierServices: [59] djm.d: Connected state: [1], networkType: [WIFI]
07-09 20:38:09.603   757   757 W View    : requestLayout() improperly called by com.android.keyguard.AlphaOptimizedLinearLayout{bdadf28 V.E...... ......ID 7,0-48,61 #7f0a050b app:id/wifi_group} during layout: running second layout pass
07-09 20:38:09.603  1647  1647 I DeviceStatusMonitor: DeviceStatusMonitor.notifyIfNetworkChanged():148 notifyIfNetworkChanged: newState = NON_METERED, airplaneModeOn = false, notifyAnyway = false
07-09 20:38:09.603  1647  1647 I NetworkInfoNotification: NetworkInfoNotification$Listener.onReceive():84 onNetworkAvailable: networkState = NON_METERED, isAirplaneModeOn = false
07-09 20:38:09.603   757   757 W View    : requestLayout() improperly called by com.android.keyguard.AlphaOptimizedLinearLayout{cd07c5b V.E...... ......ID 7,0-48,61 #7f0a050b app:id/wifi_group} during layout: running second layout pass
07-09 20:38:09.604  3224  3284 I CarrierServices: [59] dji.a: FiST: Wifi connectivity status true
07-09 20:38:09.605  3224  3641 I CarrierServices: [90] drv.a: (PEv2-SM): DisabledState: event Connectivity event
07-09 20:38:09.605   757   757 W View    : requestLayout() improperly called by com.android.keyguard.AlphaOptimizedLinearLayout{6f3c5a5 V.E...... ......ID 7,0-48,61 #7f0a050b app:id/wifi_group} during layout: running second layout pass
07-09 20:38:09.606  3224  3284 I CarrierServices: [59] djm.d: Connected state: [1], networkType: [WIFI]
07-09 20:38:09.610  3224  3284 I CarrierServices: [59] dji.a: FiST: Wifi connectivity status true
07-09 20:38:09.612  3224  3641 I CarrierServices: [90] drv.a: (PEv2-SM): DisabledState: event Connectivity event
07-09 20:38:09.613  3224  3284 I CarrierServices: [59] djm.d: Connected state: [1], networkType: [WIFI]
07-09 20:38:09.725 10720 10792 W ConnectionTracker: Exception thrown while unbinding
07-09 20:38:09.725 10720 10792 W ConnectionTracker: java.lang.IllegalArgumentException: Service not registered: lbw@d5d1c0e
07-09 20:38:09.725 10720 10792 W ConnectionTracker: 	at android.app.LoadedApk.forgetServiceDispatcher(LoadedApk.java:1757)
07-09 20:38:09.725 10720 10792 W ConnectionTracker: 	at android.app.ContextImpl.unbindService(ContextImpl.java:1874)
07-09 20:38:09.725 10720 10792 W ConnectionTracker: 	at android.content.ContextWrapper.unbindService(ContextWrapper.java:792)
07-09 20:38:09.725 10720 10792 W ConnectionTracker: 	at kcy.b(PG:30)
07-09 20:38:09.725 10720 10792 W ConnectionTracker: 	at kcy.a(PG:26)
07-09 20:38:09.725 10720 10792 W ConnectionTracker: 	at lbx.q(PG:48)
07-09 20:38:09.725 10720 10792 W ConnectionTracker: 	at lbi.a(PG:5)
07-09 20:38:09.725 10720 10792 W ConnectionTracker: 	at ksz.run(PG:5)
07-09 20:38:09.725 10720 10792 W ConnectionTracker: 	at java.util.concurrent.Executors$RunnableAdapter.call(Executors.java:462)
07-09 20:38:09.725 10720 10792 W ConnectionTracker: 	at java.util.concurrent.FutureTask.run(FutureTask.java:266)
07-09 20:38:09.725 10720 10792 W ConnectionTracker: 	at kyl.run(PG:26)
07-09 20:38:09.785 10743 10895 W ConnectionTracker: Exception thrown while unbinding
07-09 20:38:09.785 10743 10895 W ConnectionTracker: java.lang.IllegalArgumentException: Service not registered: tel@d9ba179
07-09 20:38:09.785 10743 10895 W ConnectionTracker: 	at android.app.LoadedApk.forgetServiceDispatcher(LoadedApk.java:1757)
07-09 20:38:09.785 10743 10895 W ConnectionTracker: 	at android.app.ContextImpl.unbindService(ContextImpl.java:1874)
07-09 20:38:09.785 10743 10895 W ConnectionTracker: 	at android.content.ContextWrapper.unbindService(ContextWrapper.java:792)
07-09 20:38:09.785 10743 10895 W ConnectionTracker: 	at sib.b(PG:29)
07-09 20:38:09.785 10743 10895 W ConnectionTracker: 	at sib.a(PG:25)
07-09 20:38:09.785 10743 10895 W ConnectionTracker: 	at tem.q(PG:48)
07-09 20:38:09.785 10743 10895 W ConnectionTracker: 	at tdx.a(PG:5)
07-09 20:38:09.785 10743 10895 W ConnectionTracker: 	at svs.run(PG:5)
07-09 20:38:09.785 10743 10895 W ConnectionTracker: 	at java.util.concurrent.Executors$RunnableAdapter.call(Executors.java:462)
07-09 20:38:09.785 10743 10895 W ConnectionTracker: 	at java.util.concurrent.FutureTask.run(FutureTask.java:266)
07-09 20:38:09.785 10743 10895 W ConnectionTracker: 	at tbd.run(PG:36)
07-09 20:38:10.201  1246 10751 I NearbyDiscovery: FastPairScanner2: Stopping scan [CONTEXT service_id=49 ]
07-09 20:38:10.201  1246 10751 D BluetoothAdapter: isLeEnabled(): ON
07-09 20:38:10.202  1246 10751 D BluetoothAdapter: isLeEnabled(): ON
07-09 20:38:10.203 10570 10684 I bt_stack: [INFO:gatt_api.cc(947)] GATT_Register 5b5dffc2-cecd-e2f4-9533-9f49d7cdf23e
07-09 20:38:10.203 10570 10684 I bt_stack: [INFO:gatt_api.cc(967)] allocated gatt_if=5
07-09 20:38:10.203  1246  2660 D BluetoothLeScanner: onScannerRegistered() - status=0 scannerId=5 mScannerId=0
07-09 20:38:10.204  1246 10751 I NearbyDiscovery: FastPairScanner2: Starting LOW_POWER_SCANNING scanning [CONTEXT service_id=49 ]
07-09 20:38:10.334  1246  1485 I BeaconBle: Client requested scan, settings=BleSettings [scanMode=ZERO_POWER, callbackType=ALL_MATCHES, reportDelayMillis=0, 5 filters, 1 clients, callingClientName=Nearby] [CONTEXT service_id=111 ]
07-09 20:38:10.337  1246  1485 I BeaconBle: Stopping scan on delegate scanner. BT state: 12 [CONTEXT service_id=111 ]
07-09 20:38:10.337  1246  1485 D BluetoothAdapter: isLeEnabled(): ON
07-09 20:38:10.341  1246  1485 I BeaconBle: Resetting - new scanner available: true [CONTEXT service_id=111 ]
07-09 20:38:10.341  1246  1485 I BeaconBle: ZERO_POWER is disabled. [CONTEXT service_id=111 ]
07-09 20:38:10.341  1246  1485 I BeaconBle: 'L' hardware scan: scan stopped, no powered clients [CONTEXT service_id=111 ]
07-09 20:38:10.539  1246 11112 I NetworkManagementSocketTagger: tagSocketFd(-1, 805307399, -1) failed with errno-9
07-09 20:38:10.539  1246 11112 W GCM     : socket file descriptor unavailable.
07-09 20:38:11.538  1246 11112 E WakeLock: GCM_HB_ALARM release without a matched acquire!
07-09 20:38:11.538  1246 11112 W WakeLock: GCM_HB_ALARM counter does not exist
07-09 20:38:11.571  1246 11112 E GmsTaskScheduler: sendWakeUpEvent called on SchedulerClientBroadcastStrategy
07-09 20:38:11.705  1246 11116 W WakeLock: GCM_CONN_ALARM counter does not exist
07-09 20:38:11.709  1246 11116 E GmsTaskScheduler: sendWakeUpEvent called on SchedulerClientBroadcastStrategy
07-09 20:38:14.012 10570 10570 D AvrcpBrowsablePlayerConnector: Received a message: msg.what=2
07-09 20:38:14.012 10570 10570 V AvrcpBrowsablePlayerConnector: Timed out waiting for players
07-09 20:38:14.012 10570 10570 I AvrcpBrowsablePlayerConnector: Successfully connected to 0 browsable players.
07-09 20:38:14.012 10570 10570 I AvrcpMediaPlayerList: init: Browsable Player list size is 0
07-09 20:38:14.012 10570 10570 D AvrcpMediaPlayerList: Initializing list of current media players
07-09 20:38:14.739   520   531 W JavaBinder: BinderProxy is being destroyed but the application did not call unlinkToDeath to unlink all of its death recipients beforehand.  Releasing leaked death recipient: com.android.server.AlarmManagerService$2
07-09 20:38:14.739   520   531 I BpBinder: onLastStrongRef automatically unlinking death recipients: <uncached descriptor>
07-09 20:38:14.739   520   531 W JavaBinder: BinderProxy is being destroyed but the application did not call unlinkToDeath to unlink all of its death recipients beforehand.  Releasing leaked death recipient: com.android.server.AlarmManagerService$2
07-09 20:38:14.739   520   531 I BpBinder: onLastStrongRef automatically unlinking death recipients: <uncached descriptor>
07-09 20:38:14.740   520   531 W JavaBinder: BinderProxy is being destroyed but the application did not call unlinkToDeath to unlink all of its death recipients beforehand.  Releasing leaked death recipient: com.android.server.AlarmManagerService$2
07-09 20:38:14.740   520   531 I BpBinder: onLastStrongRef automatically unlinking death recipients: <uncached descriptor>
07-09 20:38:14.741   520   531 W JavaBinder: BinderProxy is being destroyed but the application did not call unlinkToDeath to unlink all of its death recipients beforehand.  Releasing leaked death recipient: com.android.server.AlarmManagerService$2
07-09 20:38:14.741   520   531 I BpBinder: onLastStrongRef automatically unlinking death recipients: <uncached descriptor>
07-09 20:38:14.741   520   531 W JavaBinder: BinderProxy is being destroyed but the application did not call unlinkToDeath to unlink all of its death recipients beforehand.  Releasing leaked death recipient: com.android.server.AlarmManagerService$2
07-09 20:38:14.741   520   531 I BpBinder: onLastStrongRef automatically unlinking death recipients: <uncached descriptor>
07-09 20:38:14.742   520   531 W JavaBinder: BinderProxy is being destroyed but the application did not call unlinkToDeath to unlink all of its death recipients beforehand.  Releasing leaked death recipient: com.android.server.AlarmManagerService$2
07-09 20:38:14.742   520   531 I BpBinder: onLastStrongRef automatically unlinking death recipients: <uncached descriptor>
07-09 20:38:14.742   520   531 W JavaBinder: BinderProxy is being destroyed but the application did not call unlinkToDeath to unlink all of its death recipients beforehand.  Releasing leaked death recipient: com.android.server.AlarmManagerService$2
07-09 20:38:14.742   520   531 I BpBinder: onLastStrongRef automatically unlinking death recipients: <uncached descriptor>
07-09 20:38:14.742   520   531 W JavaBinder: BinderProxy is being destroyed but the application did not call unlinkToDeath to unlink all of its death recipients beforehand.  Releasing leaked death recipient: com.android.server.AlarmManagerService$2
07-09 20:38:14.742   520   531 I BpBinder: onLastStrongRef automatically unlinking death recipients: <uncached descriptor>
07-09 20:38:14.742   520   531 W JavaBinder: BinderProxy is being destroyed but the application did not call unlinkToDeath to unlink all of its death recipients beforehand.  Releasing leaked death recipient: com.android.server.AlarmManagerService$2
07-09 20:38:14.742   520   531 I BpBinder: onLastStrongRef automatically unlinking death recipients: <uncached descriptor>
07-09 20:38:14.742   520   531 W JavaBinder: BinderProxy is being destroyed but the application did not call unlinkToDeath to unlink all of its death recipients beforehand.  Releasing leaked death recipient: com.android.server.AlarmManagerService$2
07-09 20:38:14.742   520   531 I BpBinder: onLastStrongRef automatically unlinking death recipients: <uncached descriptor>
07-09 20:38:14.742   520   531 W JavaBinder: BinderProxy is being destroyed but the application did not call unlinkToDeath to unlink all of its death recipients beforehand.  Releasing leaked death recipient: com.android.server.AlarmManagerService$2
07-09 20:38:14.742   520   531 I BpBinder: onLastStrongRef automatically unlinking death recipients: <uncached descriptor>
07-09 20:38:14.743   520   531 W JavaBinder: BinderProxy is being destroyed but the application did not call unlinkToDeath to unlink all of its death recipients beforehand.  Releasing leaked death recipient: com.android.server.AlarmManagerService$2
07-09 20:38:14.743   520   531 I BpBinder: onLastStrongRef automatically unlinking death recipients: <uncached descriptor>
07-09 20:38:14.744   520   531 W JavaBinder: BinderProxy is being destroyed but the application did not call unlinkToDeath to unlink all of its death recipients beforehand.  Releasing leaked death recipient: com.android.server.AlarmManagerService$2
07-09 20:38:14.744   520   531 I BpBinder: onLastStrongRef automatically unlinking death recipients: <uncached descriptor>
07-09 20:38:14.806 10720 11096 W YouTubeMusic: Could not register for notifications with InnerTube: 
07-09 20:38:14.806 10720 11096 W YouTubeMusic: rff: java.util.concurrent.ExecutionException: qjl: Precondition check failed.
07-09 20:38:14.806 10720 11096 W YouTubeMusic: 	at rex.b(PG:18)
07-09 20:38:14.806 10720 11096 W YouTubeMusic: 	at uqp.f(PG:65)
07-09 20:38:14.806 10720 11096 W YouTubeMusic: 	at uqp.g(PG:134)
07-09 20:38:14.806 10720 11096 W YouTubeMusic: 	at uqp.b(PG:99)
07-09 20:38:14.806 10720 11096 W YouTubeMusic: 	at uqn.run(Unknown Source:1)
07-09 20:38:14.806 10720 11096 W YouTubeMusic: 	at java.util.concurrent.Executors$RunnableAdapter.call(Executors.java:462)
07-09 20:38:14.806 10720 11096 W YouTubeMusic: 	at java.util.concurrent.FutureTask.run(FutureTask.java:266)
07-09 20:38:14.806 10720 11096 W YouTubeMusic: 	at ywx.run(Unknown Source:1)
07-09 20:38:14.806 10720 11096 W YouTubeMusic: 	at java.util.concurrent.ThreadPoolExecutor.runWorker(ThreadPoolExecutor.java:1167)
07-09 20:38:14.806 10720 11096 W YouTubeMusic: 	at java.util.concurrent.ThreadPoolExecutor$Worker.run(ThreadPoolExecutor.java:641)
07-09 20:38:14.806 10720 11096 W YouTubeMusic: 	at pqt.run(PG:13)
07-09 20:38:14.806 10720 11096 W YouTubeMusic: 	at java.lang.Thread.run(Thread.java:923)
07-09 20:38:14.806 10720 11096 W YouTubeMusic: Caused by: java.util.concurrent.ExecutionException: qjl: Precondition check failed.
07-09 20:38:14.806 10720 11096 W YouTubeMusic: 	at zsp.a(PG:135)
07-09 20:38:14.806 10720 11096 W YouTubeMusic: 	at zsp.get(PG:91)
07-09 20:38:14.806 10720 11096 W YouTubeMusic: 	at rex.b(PG:17)
07-09 20:38:14.806 10720 11096 W YouTubeMusic: 	... 11 more
07-09 20:38:14.806 10720 11096 W YouTubeMusic: Caused by: qjl: Precondition check failed.
07-09 20:38:14.806 10720 11096 W YouTubeMusic: 	at rdu.b(PG:106)
07-09 20:38:14.806 10720 11096 W YouTubeMusic: 	at pyo.a(PG:61)
07-09 20:38:14.806 10720 11096 W YouTubeMusic: 	at pxo.run(Unknown Source:17)
07-09 20:38:14.806 10720 11096 W YouTubeMusic: 	... 4 more
07-09 20:38:14.806 10720 11096 W YouTubeMusic: Caused by: bjj
07-09 20:38:14.806 10720 11096 W YouTubeMusic: 	at pxo.run(Unknown Source:13)
07-09 20:38:14.806 10720 11096 W YouTubeMusic: 	... 4 more
07-09 20:38:15.075   520   565 I UsageStatsService: User[0] Flushing usage stats to disk
07-09 20:38:15.863 10593 10593 I wpa_supplicant: wlan0: CTRL-EVENT-BEACON-LOSS 
07-09 20:38:16.208   520   520 D CompatibilityChangeReporter: Compat change id reported: 135634846; UID 10118; state: DISABLED
07-09 20:38:16.208   520   567 D CompatibilityChangeReporter: Compat change id reported: 143937733; UID 10118; state: DISABLED
07-09 20:38:16.212   309   309 D Zygote  : Forked child process 11118
07-09 20:38:16.213   520   567 I ActivityManager: Start proc 11118:com.google.android.configupdater/u0a118 for service {com.google.android.configupdater/com.google.android.configupdater.MainJobService}
07-09 20:38:16.215 11118 11118 W d.configupdate: Unexpected CPU variant for X86 using defaults: x86_64
07-09 20:38:16.217   419   432 I adbd    : jdwp connection from 11118
07-09 20:38:16.222 11118 11118 D ApplicationLoaders: Returning zygote-cached class loader: /system/framework/android.test.base.jar
07-09 20:38:16.237 11118 11118 I d.configupdate: The ClassLoaderContext is a special shared library.
07-09 20:38:16.237 11118 11118 D nativeloader: classloader namespace configured for unbundled product apk. library_path=/product/priv-app/ConfigUpdater/lib/x86_64:/product/lib64:/system/product/lib64
07-09 20:38:16.256 11118 11118 D NetworkSecurityConfig: No Network Security Config specified, using platform default
07-09 20:38:16.257 11118 11118 D NetworkSecurityConfig: No Network Security Config specified, using platform default
07-09 20:38:18.553   520   679 D WifiConfigStore: Writing to stores completed in 5 ms.
07-09 20:38:18.582  1440 11161 I Vision  : Requesting optional module download of ocr.
07-09 20:38:18.582  1440 11161 I Vision  : Exceeded maximum feature download tries for ocr
07-09 20:38:18.582  1440 11161 W Vision  : Request of optional module download of ocr failed.
07-09 20:38:18.582  1440 11161 I Vision  : Checking for download completion for 44514739 -- ocr
07-09 20:38:21.146 10720 11096 W YouTubeMusic: Could not register for notifications with InnerTube: 
07-09 20:38:21.146 10720 11096 W YouTubeMusic: rff: java.util.concurrent.ExecutionException: qjl: Precondition check failed.
07-09 20:38:21.146 10720 11096 W YouTubeMusic: 	at rex.b(PG:18)
07-09 20:38:21.146 10720 11096 W YouTubeMusic: 	at uqp.f(PG:65)
07-09 20:38:21.146 10720 11096 W YouTubeMusic: 	at uqp.g(PG:134)
07-09 20:38:21.146 10720 11096 W YouTubeMusic: 	at uqp.b(PG:99)
07-09 20:38:21.146 10720 11096 W YouTubeMusic: 	at uqn.run(Unknown Source:1)
07-09 20:38:21.146 10720 11096 W YouTubeMusic: 	at java.util.concurrent.Executors$RunnableAdapter.call(Executors.java:462)
07-09 20:38:21.146 10720 11096 W YouTubeMusic: 	at java.util.concurrent.FutureTask.run(FutureTask.java:266)
07-09 20:38:21.146 10720 11096 W YouTubeMusic: 	at ywx.run(Unknown Source:1)
07-09 20:38:21.146 10720 11096 W YouTubeMusic: 	at java.util.concurrent.ThreadPoolExecutor.runWorker(ThreadPoolExecutor.java:1167)
07-09 20:38:21.146 10720 11096 W YouTubeMusic: 	at java.util.concurrent.ThreadPoolExecutor$Worker.run(ThreadPoolExecutor.java:641)
07-09 20:38:21.146 10720 11096 W YouTubeMusic: 	at pqt.run(PG:13)
07-09 20:38:21.146 10720 11096 W YouTubeMusic: 	at java.lang.Thread.run(Thread.java:923)
07-09 20:38:21.146 10720 11096 W YouTubeMusic: Caused by: java.util.concurrent.ExecutionException: qjl: Precondition check failed.
07-09 20:38:21.146 10720 11096 W YouTubeMusic: 	at zsp.a(PG:135)
07-09 20:38:21.146 10720 11096 W YouTubeMusic: 	at zsp.get(PG:91)
07-09 20:38:21.146 10720 11096 W YouTubeMusic: 	at rex.b(PG:17)
07-09 20:38:21.146 10720 11096 W YouTubeMusic: 	... 11 more
07-09 20:38:21.146 10720 11096 W YouTubeMusic: Caused by: qjl: Precondition check failed.
07-09 20:38:21.146 10720 11096 W YouTubeMusic: 	at rdu.b(PG:106)
07-09 20:38:21.146 10720 11096 W YouTubeMusic: 	at pyo.a(PG:61)
07-09 20:38:21.146 10720 11096 W YouTubeMusic: 	at pxo.run(Unknown Source:17)
07-09 20:38:21.146 10720 11096 W YouTubeMusic: 	... 4 more
07-09 20:38:21.146 10720 11096 W YouTubeMusic: Caused by: bjj
07-09 20:38:21.146 10720 11096 W YouTubeMusic: 	at pxo.run(Unknown Source:13)
07-09 20:38:21.146 10720 11096 W YouTubeMusic: 	... 4 more
07-09 20:38:23.799 10593 10593 I wpa_supplicant: wlan0: CTRL-EVENT-BEACON-LOSS 
07-09 20:38:23.959   520  3479 D WifiNl80211Manager: Scan result ready event
07-09 20:38:23.959   520  3479 D WifiNative: Scan result ready event
07-09 20:38:28.899   520  2023 I ActivityManager: Killing 8580:android.process.media/u0a81 (adj 985): empty #17
07-09 20:38:28.902   309   309 I Zygote  : Process 8580 exited due to signal 9 (Killed)
07-09 20:38:28.942  1440 11163 I Vision  : Requesting optional module download of ocr.
07-09 20:38:28.943   520   568 I libprocessgroup: Successfully killed process cgroup uid 10081 pid 8580 in 43ms
07-09 20:38:28.953  1440 11163 I Vision  : Checking for download completion for 44525110 -- ocr
07-09 20:38:28.957  1440 11164 E ConfigFileUtils: Failed to read config file: /data/user_de/0/com.google.android.gms/app_chimera/next_container.pb: open failed: ENOENT (No such file or directory)
07-09 20:38:28.969  1440 11164 I ChmraDebugLogger: [73] 1801
07-09 20:38:28.971  1440 11164 I ChmraDebugLogger: [30] [VisionOcr.optional:201817000800] permitMetered=true,
07-09 20:38:28.972  1440 11164 W ChimeraConfigService: Retry attempt was throttled.
07-09 20:38:31.391   520   531 W JavaBinder: BinderProxy is being destroyed but the application did not call unlinkToDeath to unlink all of its death recipients beforehand.  Releasing leaked death recipient: com.android.server.AlarmManagerService$2
07-09 20:38:31.391   520   531 I BpBinder: onLastStrongRef automatically unlinking death recipients: <uncached descriptor>
07-09 20:38:31.392   520   531 W JavaBinder: BinderProxy is being destroyed but the application did not call unlinkToDeath to unlink all of its death recipients beforehand.  Releasing leaked death recipient: com.android.server.AlarmManagerService$2
07-09 20:38:31.392   520   531 I BpBinder: onLastStrongRef automatically unlinking death recipients: <uncached descriptor>
07-09 20:38:31.392   520   531 W JavaBinder: BinderProxy is being destroyed but the application did not call unlinkToDeath to unlink all of its death recipients beforehand.  Releasing leaked death recipient: com.android.server.AlarmManagerService$2
07-09 20:38:31.392   520   531 I BpBinder: onLastStrongRef automatically unlinking death recipients: <uncached descriptor>
07-09 20:38:31.393   520   531 W JavaBinder: BinderProxy is being destroyed but the application did not call unlinkToDeath to unlink all of its death recipients beforehand.  Releasing leaked death recipient: com.android.server.AlarmManagerService$2
07-09 20:38:31.393   520   531 I BpBinder: onLastStrongRef automatically unlinking death recipients: <uncached descriptor>
07-09 20:38:31.393   520   531 W JavaBinder: BinderProxy is being destroyed but the application did not call unlinkToDeath to unlink all of its death recipients beforehand.  Releasing leaked death recipient: com.android.server.AlarmManagerService$2
07-09 20:38:31.393   520   531 I BpBinder: onLastStrongRef automatically unlinking death recipients: <uncached descriptor>
07-09 20:38:31.394   520   531 W JavaBinder: BinderProxy is being destroyed but the application did not call unlinkToDeath to unlink all of its death recipients beforehand.  Releasing leaked death recipient: com.android.server.AlarmManagerService$2
07-09 20:38:31.394   520   531 I BpBinder: onLastStrongRef automatically unlinking death recipients: <uncached descriptor>
07-09 20:38:31.394   520   531 W JavaBinder: BinderProxy is being destroyed but the application did not call unlinkToDeath to unlink all of its death recipients beforehand.  Releasing leaked death recipient: com.android.server.AlarmManagerService$2
07-09 20:38:31.394   520   531 I BpBinder: onLastStrongRef automatically unlinking death recipients: <uncached descriptor>
07-09 20:38:31.395   520   531 W JavaBinder: BinderProxy is being destroyed but the application did not call unlinkToDeath to unlink all of its death recipients beforehand.  Releasing leaked death recipient: com.android.server.AlarmManagerService$2
07-09 20:38:31.395   520   531 I BpBinder: onLastStrongRef automatically unlinking death recipients: <uncached descriptor>
07-09 20:38:31.395   520   531 W JavaBinder: BinderProxy is being destroyed but the application did not call unlinkToDeath to unlink all of its death recipients beforehand.  Releasing leaked death recipient: com.android.server.AlarmManagerService$2
07-09 20:38:31.395   520   531 I BpBinder: onLastStrongRef automatically unlinking death recipients: <uncached descriptor>
07-09 20:38:31.396   520   531 W JavaBinder: BinderProxy is being destroyed but the application did not call unlinkToDeath to unlink all of its death recipients beforehand.  Releasing leaked death recipient: com.android.server.AlarmManagerService$2
07-09 20:38:31.396   520   531 I BpBinder: onLastStrongRef automatically unlinking death recipients: <uncached descriptor>
07-09 20:38:31.396   520   531 W JavaBinder: BinderProxy is being destroyed but the application did not call unlinkToDeath to unlink all of its death recipients beforehand.  Releasing leaked death recipient: com.android.server.AlarmManagerService$2
07-09 20:38:31.396   520   531 I BpBinder: onLastStrongRef automatically unlinking death recipients: <uncached descriptor>
07-09 20:38:31.397   520   531 W JavaBinder: BinderProxy is being destroyed but the application did not call unlinkToDeath to unlink all of its death recipients beforehand.  Releasing leaked death recipient: com.android.server.AlarmManagerService$2
07-09 20:38:31.397   520   531 I BpBinder: onLastStrongRef automatically unlinking death recipients: <uncached descriptor>
07-09 20:38:31.397   520   531 W JavaBinder: BinderProxy is being destroyed but the application did not call unlinkToDeath to unlink all of its death recipients beforehand.  Releasing leaked death recipient: com.android.server.AlarmManagerService$2
07-09 20:38:31.397   520   531 I BpBinder: onLastStrongRef automatically unlinking death recipients: <uncached descriptor>
07-09 20:38:31.398   520   531 W JavaBinder: BinderProxy is being destroyed but the application did not call unlinkToDeath to unlink all of its death recipients beforehand.  Releasing leaked death recipient: com.android.server.AlarmManagerService$2
07-09 20:38:31.398   520   531 I BpBinder: onLastStrongRef automatically unlinking death recipients: <uncached descriptor>
07-09 20:38:31.398   520   531 W JavaBinder: BinderProxy is being destroyed but the application did not call unlinkToDeath to unlink all of its death recipients beforehand.  Releasing leaked death recipient: com.android.server.AlarmManagerService$2
07-09 20:38:31.398   520   531 I BpBinder: onLastStrongRef automatically unlinking death recipients: <uncached descriptor>
07-09 20:38:31.399   520   531 W JavaBinder: BinderProxy is being destroyed but the application did not call unlinkToDeath to unlink all of its death recipients beforehand.  Releasing leaked death recipient: com.android.server.AlarmManagerService$2
07-09 20:38:31.399   520   531 I BpBinder: onLastStrongRef automatically unlinking death recipients: <uncached descriptor>
07-09 20:38:31.399   520   531 W JavaBinder: BinderProxy is being destroyed but the application did not call unlinkToDeath to unlink all of its death recipients beforehand.  Releasing leaked death recipient: com.android.server.AlarmManagerService$2
07-09 20:38:31.399   520   531 I BpBinder: onLastStrongRef automatically unlinking death recipients: <uncached descriptor>
07-09 20:38:31.399   520   531 W JavaBinder: BinderProxy is being destroyed but the application did not call unlinkToDeath to unlink all of its death recipients beforehand.  Releasing leaked death recipient: com.android.server.AlarmManagerService$2
07-09 20:38:31.399   520   531 I BpBinder: onLastStrongRef automatically unlinking death recipients: <uncached descriptor>
07-09 20:38:31.400   520   531 W JavaBinder: BinderProxy is being destroyed but the application did not call unlinkToDeath to unlink all of its death recipients beforehand.  Releasing leaked death recipient: com.android.server.AlarmManagerService$2
07-09 20:38:31.400   520   531 I BpBinder: onLastStrongRef automatically unlinking death recipients: <uncached descriptor>
07-09 20:38:31.639   520  2023 D WifiNl80211Manager: Scan result ready event
07-09 20:38:31.639   520  2023 D WifiNative: Scan result ready event
07-09 20:38:34.100 10720 11096 W YouTubeMusic: Could not register for notifications with InnerTube: 
07-09 20:38:34.100 10720 11096 W YouTubeMusic: rff: java.util.concurrent.ExecutionException: qjl: Precondition check failed.
07-09 20:38:34.100 10720 11096 W YouTubeMusic: 	at rex.b(PG:18)
07-09 20:38:34.100 10720 11096 W YouTubeMusic: 	at uqp.f(PG:65)
07-09 20:38:34.100 10720 11096 W YouTubeMusic: 	at uqp.g(PG:134)
07-09 20:38:34.100 10720 11096 W YouTubeMusic: 	at uqp.b(PG:99)
07-09 20:38:34.100 10720 11096 W YouTubeMusic: 	at uqn.run(Unknown Source:1)
07-09 20:38:34.100 10720 11096 W YouTubeMusic: 	at java.util.concurrent.Executors$RunnableAdapter.call(Executors.java:462)
07-09 20:38:34.100 10720 11096 W YouTubeMusic: 	at java.util.concurrent.FutureTask.run(FutureTask.java:266)
07-09 20:38:34.100 10720 11096 W YouTubeMusic: 	at ywx.run(Unknown Source:1)
07-09 20:38:34.100 10720 11096 W YouTubeMusic: 	at java.util.concurrent.ThreadPoolExecutor.runWorker(ThreadPoolExecutor.java:1167)
07-09 20:38:34.100 10720 11096 W YouTubeMusic: 	at java.util.concurrent.ThreadPoolExecutor$Worker.run(ThreadPoolExecutor.java:641)
07-09 20:38:34.100 10720 11096 W YouTubeMusic: 	at pqt.run(PG:13)
07-09 20:38:34.100 10720 11096 W YouTubeMusic: 	at java.lang.Thread.run(Thread.java:923)
07-09 20:38:34.100 10720 11096 W YouTubeMusic: Caused by: java.util.concurrent.ExecutionException: qjl: Precondition check failed.
07-09 20:38:34.100 10720 11096 W YouTubeMusic: 	at zsp.a(PG:135)
07-09 20:38:34.100 10720 11096 W YouTubeMusic: 	at zsp.get(PG:91)
07-09 20:38:34.100 10720 11096 W YouTubeMusic: 	at rex.b(PG:17)
07-09 20:38:34.100 10720 11096 W YouTubeMusic: 	... 11 more
07-09 20:38:34.100 10720 11096 W YouTubeMusic: Caused by: qjl: Precondition check failed.
07-09 20:38:34.100 10720 11096 W YouTubeMusic: 	at rdu.b(PG:106)
07-09 20:38:34.100 10720 11096 W YouTubeMusic: 	at pyo.a(PG:61)
07-09 20:38:34.100 10720 11096 W YouTubeMusic: 	at pxo.run(Unknown Source:17)
07-09 20:38:34.100 10720 11096 W YouTubeMusic: 	... 4 more
07-09 20:38:34.100 10720 11096 W YouTubeMusic: Caused by: bjj
07-09 20:38:34.100 10720 11096 W YouTubeMusic: 	at pxo.run(Unknown Source:13)
07-09 20:38:34.100 10720 11096 W YouTubeMusic: 	... 4 more
